19:56:44 **** Incremental Build of configuration Debug for project try3 ****
make -j16 all 
arm-none-eabi-size  try3.elf 
   text	   data	    bss	    dec	    hex	filename
  26356	     96	  19944	  46396	   b53c	try3.elf
Finished building: default.size.stdout
 
20:02:51 **** Incremental Build of configuration Debug for project try3 ****
make -j16 all 
arm-none-eabi-size  try3.elf 
   text	   data	    bss	    dec	    hex	filename
  26356	     96	  19944	  46396	   b53c	try3.elf
Finished building: default.size.stdout
 
